
> backend@0.0.1 start:dev
> nest start --watch

[2J[3J[H[[90m22:33:55[0m] Starting compilation in watch mode...

[[90m22:33:56[0m] Found 0 errors. Watching for file changes.

[32m[Nest] 2165217  - [39m2026/04/24 22:33:57 [32m    LOG[39m [38;5;3m[NestFactory] [39m[32mStarting Nest application...[39m
[32m[Nest] 2165217  - [39m2026/04/24 22:33:57 [32m    LOG[39m [38;5;3m[InstanceLoader] [39m[32mTypeOrmModule dependencies initialized[39m[38;5;3m +8ms[39m
[32m[Nest] 2165217  - [39m2026/04/24 22:33:57 [32m    LOG[39m [38;5;3m[InstanceLoader] [39m[32mPassportModule dependencies initialized[39m[38;5;3m +0ms[39m
[32m[Nest] 2165217  - [39m2026/04/24 22:33:57 [32m    LOG[39m [38;5;3m[InstanceLoader] [39m[32mConfigHostModule dependencies initialized[39m[38;5;3m +1ms[39m
[32m[Nest] 2165217  - [39m2026/04/24 22:33:57 [32m    LOG[39m [38;5;3m[InstanceLoader] [39m[32mDiscoveryModule dependencies initialized[39m[38;5;3m +0ms[39m
[32m[Nest] 2165217  - [39m2026/04/24 22:33:57 [32m    LOG[39m [38;5;3m[InstanceLoader] [39m[32mAppModule dependencies initialized[39m[38;5;3m +0ms[39m
[32m[Nest] 2165217  - [39m2026/04/24 22:33:57 [32m    LOG[39m [38;5;3m[InstanceLoader] [39m[32mConfigModule dependencies initialized[39m[38;5;3m +0ms[39m
[32m[Nest] 2165217  - [39m2026/04/24 22:33:57 [32m    LOG[39m [38;5;3m[InstanceLoader] [39m[32mConfigModule dependencies initialized[39m[38;5;3m +0ms[39m
[32m[Nest] 2165217  - [39m2026/04/24 22:33:57 [32m    LOG[39m [38;5;3m[InstanceLoader] [39m[32mBullModule dependencies initialized[39m[38;5;3m +4ms[39m
[32m[Nest] 2165217  - [39m2026/04/24 22:33:57 [32m    LOG[39m [38;5;3m[InstanceLoader] [39m[32mBullModule dependencies initialized[39m[38;5;3m +0ms[39m
[32m[Nest] 2165217  - [39m2026/04/24 22:33:57 [32m    LOG[39m [38;5;3m[InstanceLoader] [39m[32mJwtModule dependencies initialized[39m[38;5;3m +0ms[39m
[32m[Nest] 2165217  - [39m2026/04/24 22:33:57 [32m    LOG[39m [38;5;3m[InstanceLoader] [39m[32mJwtModule dependencies initialized[39m[38;5;3m +0ms[39m
[32m[Nest] 2165217  - [39m2026/04/24 22:33:57 [32m    LOG[39m [38;5;3m[InstanceLoader] [39m[32mBullModule dependencies initialized[39m[38;5;3m +2ms[39m
[32m[Nest] 2165217  - [39m2026/04/24 22:33:57 [32m    LOG[39m [38;5;3m[InstanceLoader] [39m[32mTypeOrmCoreModule dependencies initialized[39m[38;5;3m +17ms[39m
[32m[Nest] 2165217  - [39m2026/04/24 22:33:57 [32m    LOG[39m [38;5;3m[InstanceLoader] [39m[32mTypeOrmModule dependencies initialized[39m[38;5;3m +0ms[39m
[32m[Nest] 2165217  - [39m2026/04/24 22:33:57 [32m    LOG[39m [38;5;3m[InstanceLoader] [39m[32mTypeOrmModule dependencies initialized[39m[38;5;3m +0ms[39m
[32m[Nest] 2165217  - [39m2026/04/24 22:33:57 [32m    LOG[39m [38;5;3m[InstanceLoader] [39m[32mAuthModule dependencies initialized[39m[38;5;3m +1ms[39m
[32m[Nest] 2165217  - [39m2026/04/24 22:33:57 [32m    LOG[39m [38;5;3m[InstanceLoader] [39m[32mGenerateModule dependencies initialized[39m[38;5;3m +0ms[39m
[32m[Nest] 2165217  - [39m2026/04/24 22:33:57 [32m    LOG[39m [38;5;3m[RoutesResolver] [39m[32mAppController {/api}:[39m[38;5;3m +7ms[39m
[32m[Nest] 2165217  - [39m2026/04/24 22:33:57 [32m    LOG[39m [38;5;3m[RouterExplorer] [39m[32mMapped {/api, GET} route[39m[38;5;3m +1ms[39m
[32m[Nest] 2165217  - [39m2026/04/24 22:33:57 [32m    LOG[39m [38;5;3m[RoutesResolver] [39m[32mAuthController {/api/auth}:[39m[38;5;3m +0ms[39m
[32m[Nest] 2165217  - [39m2026/04/24 22:33:57 [32m    LOG[39m [38;5;3m[RouterExplorer] [39m[32mMapped {/api/auth/generate-key, POST} route[39m[38;5;3m +1ms[39m
[32m[Nest] 2165217  - [39m2026/04/24 22:33:57 [32m    LOG[39m [38;5;3m[RouterExplorer] [39m[32mMapped {/api/auth/login, POST} route[39m[38;5;3m +0ms[39m
[32m[Nest] 2165217  - [39m2026/04/24 22:33:57 [32m    LOG[39m [38;5;3m[RoutesResolver] [39m[32mGenerateController {/api/generate}:[39m[38;5;3m +0ms[39m
[32m[Nest] 2165217  - [39m2026/04/24 22:33:57 [32m    LOG[39m [38;5;3m[RouterExplorer] [39m[32mMapped {/api/generate, POST} route[39m[38;5;3m +0ms[39m
[32m[Nest] 2165217  - [39m2026/04/24 22:33:57 [32m    LOG[39m [38;5;3m[RouterExplorer] [39m[32mMapped {/api/generate/history, GET} route[39m[38;5;3m +0ms[39m
[32m[Nest] 2165217  - [39m2026/04/24 22:33:57 [32m    LOG[39m [38;5;3m[RouterExplorer] [39m[32mMapped {/api/generate/:id, GET} route[39m[38;5;3m +0ms[39m
[32m[Nest] 2165217  - [39m2026/04/24 22:33:57 [32m    LOG[39m [38;5;3m[NestApplication] [39m[32mNest application successfully started[39m[38;5;3m +3ms[39m
[31m[Nest] 2165217  - [39m2026/04/24 22:33:57 [31m  ERROR[39m [38;5;3m[NestApplication] [39m[31mError: listen EADDRINUSE: address already in use :::3001[39m[38;5;3m +1ms[39m
node:net:1940
    const ex = new UVExceptionWithHostPort(err, 'listen', address, port);
               ^

Error: listen EADDRINUSE: address already in use :::3001
    at Server.setupListenHandle [as _listen2] (node:net:1940:16)
    at listenInCluster (node:net:1997:12)
    at Server.listen (node:net:2102:7)
    at ExpressAdapter.listen (/home/jojo/projects/web/PhantomDraw/backend/node_modules/@nestjs/platform-express/adapters/express-adapter.js:115:32)
    at /home/jojo/projects/web/PhantomDraw/backend/node_modules/@nestjs/core/nest-application.js:188:30
    at new Promise (<anonymous>)
    at NestApplication.listen (/home/jojo/projects/web/PhantomDraw/backend/node_modules/@nestjs/core/nest-application.js:178:16)
    at async bootstrap (/home/jojo/projects/web/PhantomDraw/backend/src/main.ts:10:3) {
  code: 'EADDRINUSE',
  errno: -98,
  syscall: 'listen',
  address: '::',
  port: 3001
}

Node.js v24.12.0
